// Jest Snapshot v1, https://goo.gl/fbAQLP

exports[`Header renders as expect with no params 1`] = `
<div
  className="header"
>
  <h1>
    Finantial Times
  </h1>
  <h2>
    
  </h2>
  <button
    className="switch"
  >
    Switch Layout
  </button>
</div>
`;
